// Jest Snapshot v1, https://goo.gl/fbAQLP

exports[`Button Component matches Button 1`] = `
.c0 {
  font-weight: 400;
  line-height: 1.5;
  text-align: center;
  white-space: nowrap;
  vertical-align: middle;
  -webkit-user-select: none;
  -moz-user-select: none;
  -ms-user-select: none;
  user-select: none;
  -webkit-transition: color 0.15s ease-in-out,background-color 0.15s ease-in-out,border-color 0.15s ease-in-out,box-shadow 0.15s ease-in-out;
  transition: color 0.15s ease-in-out,background-color 0.15s ease-in-out,border-color 0.15s ease-in-out,box-shadow 0.15s ease-in-out;
  border: 1px solid #6c757d;
  background-color: #6c757d;
  border-radius: 0.25rem;
  display: inline-block;
  font-size: 1rem;
  color: #fff;
  padding: 0.375rem 0.75rem;
}

.c0:focus {
  outline: 0;
  box-shadow: 0 0 0 0.2rem rgba(108,117,125,0.5);
}

.c0:hover,
.c0:focus {
  -webkit-text-decoration: none;
  text-decoration: none;
  border: 1px solid #6c757d;
  background-color: #6c757d;
  color: #fff;
  cursor: pointer;
}

.c0:hover:focus,
.c0:focus:focus,
.c0:hover:hover,
.c0:focus:hover {
  border: 1px solid #4e555b;
}

.c0:hover:focus,
.c0:focus:focus,
.c0:hover:hover,
.c0:focus:hover {
  background-color: #5a6268;
}

.c0:focus,
.c0:hover {
  border: 1px solid #4e555b;
}

.c0:focus,
.c0:hover {
  background-color: #5a6268;
}

@media (min-width:576px) {

}

@media (min-width:768px) {

}

@media (min-width:992px) {

}

@media (min-width:1200px) {

}

<button
  class="sc-fzoXzr c0"
>
  Text
</button>
`;

exports[`Button Component matches Button active 1`] = `
.c0 {
  font-weight: 400;
  line-height: 1.5;
  text-align: center;
  white-space: nowrap;
  vertical-align: middle;
  -webkit-user-select: none;
  -moz-user-select: none;
  -ms-user-select: none;
  user-select: none;
  -webkit-transition: color 0.15s ease-in-out,background-color 0.15s ease-in-out,border-color 0.15s ease-in-out,box-shadow 0.15s ease-in-out;
  transition: color 0.15s ease-in-out,background-color 0.15s ease-in-out,border-color 0.15s ease-in-out,box-shadow 0.15s ease-in-out;
  border: 1px solid #4e555b;
  background-image: none;
  background-color: #6c757d;
  border-radius: 0.25rem;
  display: inline-block;
  font-size: 1rem;
  color: #fff;
  padding: 0.375rem 0.75rem;
}

.c0:focus {
  outline: 0;
  box-shadow: 0 0 0 0.2rem rgba(108,117,125,0.5);
}

.c0:hover,
.c0:focus {
  -webkit-text-decoration: none;
  text-decoration: none;
  border: 1px solid #4e555b;
  background-image: none;
  background-color: #6c757d;
  color: #fff;
  cursor: pointer;
}

@media (min-width:576px) {

}

@media (min-width:768px) {

}

@media (min-width:992px) {

}

@media (min-width:1200px) {

}

<button
  class="sc-fzoXzr c0"
>
  Text
</button>
`;

exports[`Button Component matches Button block 1`] = `
.c1 {
  font-weight: 400;
  line-height: 1.5;
  text-align: center;
  white-space: nowrap;
  vertical-align: middle;
  -webkit-user-select: none;
  -moz-user-select: none;
  -ms-user-select: none;
  user-select: none;
  -webkit-transition: color 0.15s ease-in-out,background-color 0.15s ease-in-out,border-color 0.15s ease-in-out,box-shadow 0.15s ease-in-out;
  transition: color 0.15s ease-in-out,background-color 0.15s ease-in-out,border-color 0.15s ease-in-out,box-shadow 0.15s ease-in-out;
  border: 1px solid #6c757d;
  background-color: #6c757d;
  border-radius: 0.25rem;
  display: block;
  width: 100%;
  font-size: 1rem;
  color: #fff;
  padding: 0.375rem 0.75rem;
}

.c1:focus {
  outline: 0;
  box-shadow: 0 0 0 0.2rem rgba(108,117,125,0.5);
}

.c1:hover,
.c1:focus {
  -webkit-text-decoration: none;
  text-decoration: none;
  border: 1px solid #6c757d;
  background-color: #6c757d;
  color: #fff;
  cursor: pointer;
}

.c1:hover:focus,
.c1:focus:focus,
.c1:hover:hover,
.c1:focus:hover {
  border: 1px solid #4e555b;
}

.c1:hover:focus,
.c1:focus:focus,
.c1:hover:hover,
.c1:focus:hover {
  background-color: #5a6268;
}

.c1:focus,
.c1:hover {
  border: 1px solid #4e555b;
}

.c1:focus,
.c1:hover {
  background-color: #5a6268;
}

.c1 + .c0 {
  margin-top: 0.5rem;
}

@media (min-width:576px) {

}

@media (min-width:768px) {

}

@media (min-width:992px) {

}

@media (min-width:1200px) {

}

<button
  class="sc-fzoXzr c0 c1"
>
  Text
</button>
`;

exports[`Button Component matches Button danger 1`] = `
.c0 {
  font-weight: 400;
  line-height: 1.5;
  text-align: center;
  white-space: nowrap;
  vertical-align: middle;
  -webkit-user-select: none;
  -moz-user-select: none;
  -ms-user-select: none;
  user-select: none;
  -webkit-transition: color 0.15s ease-in-out,background-color 0.15s ease-in-out,border-color 0.15s ease-in-out,box-shadow 0.15s ease-in-out;
  transition: color 0.15s ease-in-out,background-color 0.15s ease-in-out,border-color 0.15s ease-in-out,box-shadow 0.15s ease-in-out;
  border: 1px solid #dc3545;
  background-color: #dc3545;
  border-radius: 0.25rem;
  display: inline-block;
  font-size: 1rem;
  color: #fff;
  padding: 0.375rem 0.75rem;
}

.c0:focus {
  outline: 0;
  box-shadow: 0 0 0 0.2rem rgba(220,53,69,0.5);
}

.c0:hover,
.c0:focus {
  -webkit-text-decoration: none;
  text-decoration: none;
  border: 1px solid #dc3545;
  background-color: #dc3545;
  color: #fff;
  cursor: pointer;
}

.c0:hover:focus,
.c0:focus:focus,
.c0:hover:hover,
.c0:focus:hover {
  border: 1px solid #b21f2d;
}

.c0:hover:focus,
.c0:focus:focus,
.c0:hover:hover,
.c0:focus:hover {
  background-color: #c82333;
}

.c0:focus,
.c0:hover {
  border: 1px solid #b21f2d;
}

.c0:focus,
.c0:hover {
  background-color: #c82333;
}

@media (min-width:576px) {

}

@media (min-width:768px) {

}

@media (min-width:992px) {

}

@media (min-width:1200px) {

}

<button
  class="sc-fzoXzr c0"
>
  Text
</button>
`;

exports[`Button Component matches Button danger active 1`] = `
.c0 {
  font-weight: 400;
  line-height: 1.5;
  text-align: center;
  white-space: nowrap;
  vertical-align: middle;
  -webkit-user-select: none;
  -moz-user-select: none;
  -ms-user-select: none;
  user-select: none;
  -webkit-transition: color 0.15s ease-in-out,background-color 0.15s ease-in-out,border-color 0.15s ease-in-out,box-shadow 0.15s ease-in-out;
  transition: color 0.15s ease-in-out,background-color 0.15s ease-in-out,border-color 0.15s ease-in-out,box-shadow 0.15s ease-in-out;
  border: 1px solid #b21f2d;
  background-image: none;
  background-color: #b21f2d;
  border-radius: 0.25rem;
  display: inline-block;
  font-size: 1rem;
  color: #fff;
  padding: 0.375rem 0.75rem;
}

.c0:focus {
  outline: 0;
  box-shadow: 0 0 0 0.2rem rgba(220,53,69,0.5);
}

.c0:hover,
.c0:focus {
  -webkit-text-decoration: none;
  text-decoration: none;
  border: 1px solid #b21f2d;
  background-image: none;
  background-color: #b21f2d;
  color: #fff;
  cursor: pointer;
}

@media (min-width:576px) {

}

@media (min-width:768px) {

}

@media (min-width:992px) {

}

@media (min-width:1200px) {

}

<button
  class="sc-fzoXzr c0"
>
  Text
</button>
`;

exports[`Button Component matches Button danger disabled 1`] = `
.c0 {
  font-weight: 400;
  line-height: 1.5;
  text-align: center;
  white-space: nowrap;
  vertical-align: middle;
  -webkit-user-select: none;
  -moz-user-select: none;
  -ms-user-select: none;
  user-select: none;
  -webkit-transition: color 0.15s ease-in-out,background-color 0.15s ease-in-out,border-color 0.15s ease-in-out,box-shadow 0.15s ease-in-out;
  transition: color 0.15s ease-in-out,background-color 0.15s ease-in-out,border-color 0.15s ease-in-out,box-shadow 0.15s ease-in-out;
  border: 1px solid #dc3545;
  background-image: none;
  background-color: #dc3545;
  border-radius: 0.25rem;
  display: inline-block;
  opacity: 0.65;
  font-size: 1rem;
  color: #fff;
  padding: 0.375rem 0.75rem;
}

.c0:focus {
  outline: 0;
  box-shadow: 0 0 0 0.2rem rgba(220,53,69,0.5);
}

.c0:hover,
.c0:focus {
  -webkit-text-decoration: none;
  text-decoration: none;
  border: 1px solid #dc3545;
  background-image: none;
  background-color: #dc3545;
  color: #fff;
}

@media (min-width:576px) {

}

@media (min-width:768px) {

}

@media (min-width:992px) {

}

@media (min-width:1200px) {

}

<button
  class="sc-fzoXzr c0"
  disabled=""
>
  Text
</button>
`;

exports[`Button Component matches Button danger outline 1`] = `
.c0 {
  font-weight: 400;
  line-height: 1.5;
  text-align: center;
  white-space: nowrap;
  vertical-align: middle;
  -webkit-user-select: none;
  -moz-user-select: none;
  -ms-user-select: none;
  user-select: none;
  -webkit-transition: color 0.15s ease-in-out,background-color 0.15s ease-in-out,border-color 0.15s ease-in-out,box-shadow 0.15s ease-in-out;
  transition: color 0.15s ease-in-out,background-color 0.15s ease-in-out,border-color 0.15s ease-in-out,box-shadow 0.15s ease-in-out;
  border: 1px solid #dc3545;
  background-image: none;
  background-color: transparent;
  border-radius: 0.25rem;
  display: inline-block;
  font-size: 1rem;
  color: #dc3545;
  padding: 0.375rem 0.75rem;
}

.c0:focus {
  outline: 0;
  box-shadow: 0 0 0 0.2rem rgba(220,53,69,0.5);
}

.c0:hover,
.c0:focus {
  -webkit-text-decoration: none;
  text-decoration: none;
  border: 1px solid #dc3545;
  background-image: none;
  background-color: transparent;
  color: #dc3545;
  cursor: pointer;
}

.c0:hover:hover,
.c0:focus:hover {
  background-color: #dc3545;
}

.c0:hover:hover,
.c0:focus:hover {
  color: #fff;
}

.c0:hover {
  background-color: #dc3545;
}

.c0:hover {
  color: #fff;
}

@media (min-width:576px) {

}

@media (min-width:768px) {

}

@media (min-width:992px) {

}

@media (min-width:1200px) {

}

<button
  class="sc-fzoXzr c0"
>
  Text
</button>
`;

exports[`Button Component matches Button danger outline disabled 1`] = `
.c0 {
  font-weight: 400;
  line-height: 1.5;
  text-align: center;
  white-space: nowrap;
  vertical-align: middle;
  -webkit-user-select: none;
  -moz-user-select: none;
  -ms-user-select: none;
  user-select: none;
  -webkit-transition: color 0.15s ease-in-out,background-color 0.15s ease-in-out,border-color 0.15s ease-in-out,box-shadow 0.15s ease-in-out;
  transition: color 0.15s ease-in-out,background-color 0.15s ease-in-out,border-color 0.15s ease-in-out,box-shadow 0.15s ease-in-out;
  border: 1px solid #dc3545;
  background-image: none;
  background-color: transparent;
  border-radius: 0.25rem;
  display: inline-block;
  opacity: 0.65;
  font-size: 1rem;
  color: #dc3545;
  padding: 0.375rem 0.75rem;
}

.c0:focus {
  outline: 0;
  box-shadow: 0 0 0 0.2rem rgba(220,53,69,0.5);
}

.c0:hover,
.c0:focus {
  -webkit-text-decoration: none;
  text-decoration: none;
  border: 1px solid #dc3545;
  background-image: none;
  background-color: transparent;
  color: #dc3545;
}

.c0:hover:hover,
.c0:focus:hover {
  background-color: transparent;
}

.c0:hover {
  background-color: transparent;
}

@media (min-width:576px) {

}

@media (min-width:768px) {

}

@media (min-width:992px) {

}

@media (min-width:1200px) {

}

<button
  class="sc-fzoXzr c0"
  disabled=""
>
  Text
</button>
`;

exports[`Button Component matches Button dark 1`] = `
.c0 {
  font-weight: 400;
  line-height: 1.5;
  text-align: center;
  white-space: nowrap;
  vertical-align: middle;
  -webkit-user-select: none;
  -moz-user-select: none;
  -ms-user-select: none;
  user-select: none;
  -webkit-transition: color 0.15s ease-in-out,background-color 0.15s ease-in-out,border-color 0.15s ease-in-out,box-shadow 0.15s ease-in-out;
  transition: color 0.15s ease-in-out,background-color 0.15s ease-in-out,border-color 0.15s ease-in-out,box-shadow 0.15s ease-in-out;
  border: 1px solid #343a40;
  background-color: #343a40;
  border-radius: 0.25rem;
  display: inline-block;
  font-size: 1rem;
  color: #fff;
  padding: 0.375rem 0.75rem;
}

.c0:focus {
  outline: 0;
  box-shadow: 0 0 0 0.2rem rgba(52,58,64,0.5);
}

.c0:hover,
.c0:focus {
  -webkit-text-decoration: none;
  text-decoration: none;
  border: 1px solid #343a40;
  background-color: #343a40;
  color: #fff;
  cursor: pointer;
}

.c0:hover:focus,
.c0:focus:focus,
.c0:hover:hover,
.c0:focus:hover {
  border: 1px solid #201a1d;
}

.c0:hover:focus,
.c0:focus:focus,
.c0:hover:hover,
.c0:focus:hover {
  background-color: #23272b;
}

.c0:focus,
.c0:hover {
  border: 1px solid #201a1d;
}

.c0:focus,
.c0:hover {
  background-color: #23272b;
}

@media (min-width:576px) {

}

@media (min-width:768px) {

}

@media (min-width:992px) {

}

@media (min-width:1200px) {

}

<button
  class="sc-fzoXzr c0"
>
  Text
</button>
`;

exports[`Button Component matches Button dark active 1`] = `undefined`;

exports[`Button Component matches Button dark disabled 1`] = `
.c0 {
  font-weight: 400;
  line-height: 1.5;
  text-align: center;
  white-space: nowrap;
  vertical-align: middle;
  -webkit-user-select: none;
  -moz-user-select: none;
  -ms-user-select: none;
  user-select: none;
  -webkit-transition: color 0.15s ease-in-out,background-color 0.15s ease-in-out,border-color 0.15s ease-in-out,box-shadow 0.15s ease-in-out;
  transition: color 0.15s ease-in-out,background-color 0.15s ease-in-out,border-color 0.15s ease-in-out,box-shadow 0.15s ease-in-out;
  border: 1px solid #343a40;
  background-image: none;
  background-color: #343a40;
  border-radius: 0.25rem;
  display: inline-block;
  opacity: 0.65;
  font-size: 1rem;
  color: #fff;
  padding: 0.375rem 0.75rem;
}

.c0:focus {
  outline: 0;
  box-shadow: 0 0 0 0.2rem rgba(52,58,64,0.5);
}

.c0:hover,
.c0:focus {
  -webkit-text-decoration: none;
  text-decoration: none;
  border: 1px solid #343a40;
  background-image: none;
  background-color: #343a40;
  color: #fff;
}

@media (min-width:576px) {

}

@media (min-width:768px) {

}

@media (min-width:992px) {

}

@media (min-width:1200px) {

}

<button
  class="sc-fzoXzr c0"
  disabled=""
>
  Text
</button>
`;

exports[`Button Component matches Button dark outline 1`] = `
.c0 {
  font-weight: 400;
  line-height: 1.5;
  text-align: center;
  white-space: nowrap;
  vertical-align: middle;
  -webkit-user-select: none;
  -moz-user-select: none;
  -ms-user-select: none;
  user-select: none;
  -webkit-transition: color 0.15s ease-in-out,background-color 0.15s ease-in-out,border-color 0.15s ease-in-out,box-shadow 0.15s ease-in-out;
  transition: color 0.15s ease-in-out,background-color 0.15s ease-in-out,border-color 0.15s ease-in-out,box-shadow 0.15s ease-in-out;
  border: 1px solid #343a40;
  background-image: none;
  background-color: transparent;
  border-radius: 0.25rem;
  display: inline-block;
  font-size: 1rem;
  color: #343a40;
  padding: 0.375rem 0.75rem;
}

.c0:focus {
  outline: 0;
  box-shadow: 0 0 0 0.2rem rgba(52,58,64,0.5);
}

.c0:hover,
.c0:focus {
  -webkit-text-decoration: none;
  text-decoration: none;
  border: 1px solid #343a40;
  background-image: none;
  background-color: transparent;
  color: #343a40;
  cursor: pointer;
}

.c0:hover:hover,
.c0:focus:hover {
  background-color: #343a40;
}

.c0:hover:hover,
.c0:focus:hover {
  color: #fff;
}

.c0:hover {
  background-color: #343a40;
}

.c0:hover {
  color: #fff;
}

@media (min-width:576px) {

}

@media (min-width:768px) {

}

@media (min-width:992px) {

}

@media (min-width:1200px) {

}

<button
  class="sc-fzoXzr c0"
>
  Text
</button>
`;

exports[`Button Component matches Button dark outline disabled 1`] = `
.c0 {
  font-weight: 400;
  line-height: 1.5;
  text-align: center;
  white-space: nowrap;
  vertical-align: middle;
  -webkit-user-select: none;
  -moz-user-select: none;
  -ms-user-select: none;
  user-select: none;
  -webkit-transition: color 0.15s ease-in-out,background-color 0.15s ease-in-out,border-color 0.15s ease-in-out,box-shadow 0.15s ease-in-out;
  transition: color 0.15s ease-in-out,background-color 0.15s ease-in-out,border-color 0.15s ease-in-out,box-shadow 0.15s ease-in-out;
  border: 1px solid #343a40;
  background-image: none;
  background-color: transparent;
  border-radius: 0.25rem;
  display: inline-block;
  opacity: 0.65;
  font-size: 1rem;
  color: #343a40;
  padding: 0.375rem 0.75rem;
}

.c0:focus {
  outline: 0;
  box-shadow: 0 0 0 0.2rem rgba(52,58,64,0.5);
}

.c0:hover,
.c0:focus {
  -webkit-text-decoration: none;
  text-decoration: none;
  border: 1px solid #343a40;
  background-image: none;
  background-color: transparent;
  color: #343a40;
}

.c0:hover:hover,
.c0:focus:hover {
  background-color: transparent;
}

.c0:hover {
  background-color: transparent;
}

@media (min-width:576px) {

}

@media (min-width:768px) {

}

@media (min-width:992px) {

}

@media (min-width:1200px) {

}

<button
  class="sc-fzoXzr c0"
  disabled=""
>
  Text
</button>
`;

exports[`Button Component matches Button disabled 1`] = `
.c0 {
  font-weight: 400;
  line-height: 1.5;
  text-align: center;
  white-space: nowrap;
  vertical-align: middle;
  -webkit-user-select: none;
  -moz-user-select: none;
  -ms-user-select: none;
  user-select: none;
  -webkit-transition: color 0.15s ease-in-out,background-color 0.15s ease-in-out,border-color 0.15s ease-in-out,box-shadow 0.15s ease-in-out;
  transition: color 0.15s ease-in-out,background-color 0.15s ease-in-out,border-color 0.15s ease-in-out,box-shadow 0.15s ease-in-out;
  border: 1px solid #6c757d;
  background-image: none;
  background-color: #6c757d;
  border-radius: 0.25rem;
  display: inline-block;
  opacity: 0.65;
  font-size: 1rem;
  color: #fff;
  padding: 0.375rem 0.75rem;
}

.c0:focus {
  outline: 0;
  box-shadow: 0 0 0 0.2rem rgba(108,117,125,0.5);
}

.c0:hover,
.c0:focus {
  -webkit-text-decoration: none;
  text-decoration: none;
  border: 1px solid #6c757d;
  background-image: none;
  background-color: #6c757d;
  color: #fff;
}

@media (min-width:576px) {

}

@media (min-width:768px) {

}

@media (min-width:992px) {

}

@media (min-width:1200px) {

}

<button
  class="sc-fzoXzr c0"
  disabled=""
>
  Text
</button>
`;

exports[`Button Component matches Button dropdownToggle 1`] = `
.c0 {
  font-weight: 400;
  line-height: 1.5;
  text-align: center;
  white-space: nowrap;
  vertical-align: middle;
  -webkit-user-select: none;
  -moz-user-select: none;
  -ms-user-select: none;
  user-select: none;
  -webkit-transition: color 0.15s ease-in-out,background-color 0.15s ease-in-out,border-color 0.15s ease-in-out,box-shadow 0.15s ease-in-out;
  transition: color 0.15s ease-in-out,background-color 0.15s ease-in-out,border-color 0.15s ease-in-out,box-shadow 0.15s ease-in-out;
  border: 1px solid #6c757d;
  background-color: #6c757d;
  border-radius: 0.25rem;
  display: inline-block;
  font-size: 1rem;
  color: #fff;
  padding: 0.375rem 0.75rem;
}

.c0:focus {
  outline: 0;
  box-shadow: 0 0 0 0.2rem rgba(108,117,125,0.5);
}

.c0:hover,
.c0:focus {
  -webkit-text-decoration: none;
  text-decoration: none;
  border: 1px solid #6c757d;
  background-color: #6c757d;
  color: #fff;
  cursor: pointer;
}

.c0:hover:focus,
.c0:focus:focus,
.c0:hover:hover,
.c0:focus:hover {
  border: 1px solid #4e555b;
}

.c0:hover:focus,
.c0:focus:focus,
.c0:hover:hover,
.c0:focus:hover {
  background-color: #5a6268;
}

.c0:focus,
.c0:hover {
  border: 1px solid #4e555b;
}

.c0:focus,
.c0:hover {
  background-color: #5a6268;
}

.c0::after {
  display: inline-block;
  width: 0;
  height: 0;
  vertical-align: 0.255em;
  content: '';
  border-top: 0.3em solid;
  border-right: 0.3em solid transparent;
  border-bottom: 0;
  border-left: 0.3em solid transparent;
}

.c0:empty::after {
  margin-left: 0;
}

.c0::after {
  margin-left: 0.255em;
}

@media (min-width:576px) {

}

@media (min-width:768px) {

}

@media (min-width:992px) {

}

@media (min-width:1200px) {

}

<button
  class="sc-fzoXzr c0"
>
  Text
</button>
`;

exports[`Button Component matches Button info active 1`] = `
.c0 {
  font-weight: 400;
  line-height: 1.5;
  text-align: center;
  white-space: nowrap;
  vertical-align: middle;
  -webkit-user-select: none;
  -moz-user-select: none;
  -ms-user-select: none;
  user-select: none;
  -webkit-transition: color 0.15s ease-in-out,background-color 0.15s ease-in-out,border-color 0.15s ease-in-out,box-shadow 0.15s ease-in-out;
  transition: color 0.15s ease-in-out,background-color 0.15s ease-in-out,border-color 0.15s ease-in-out,box-shadow 0.15s ease-in-out;
  border: 1px solid #12707f;
  background-image: none;
  background-color: #12707f;
  border-radius: 0.25rem;
  display: inline-block;
  font-size: 1rem;
  color: #fff;
  padding: 0.375rem 0.75rem;
}

.c0:focus {
  outline: 0;
  box-shadow: 0 0 0 0.2rem rgba(23,162,184,0.5);
}

.c0:hover,
.c0:focus {
  -webkit-text-decoration: none;
  text-decoration: none;
  border: 1px solid #12707f;
  background-image: none;
  background-color: #12707f;
  color: #fff;
  cursor: pointer;
}

@media (min-width:576px) {

}

@media (min-width:768px) {

}

@media (min-width:992px) {

}

@media (min-width:1200px) {

}

<button
  class="sc-fzoXzr c0"
>
  Text
</button>
`;

exports[`Button Component matches Button info outline 1`] = `
.c0 {
  font-weight: 400;
  line-height: 1.5;
  text-align: center;
  white-space: nowrap;
  vertical-align: middle;
  -webkit-user-select: none;
  -moz-user-select: none;
  -ms-user-select: none;
  user-select: none;
  -webkit-transition: color 0.15s ease-in-out,background-color 0.15s ease-in-out,border-color 0.15s ease-in-out,box-shadow 0.15s ease-in-out;
  transition: color 0.15s ease-in-out,background-color 0.15s ease-in-out,border-color 0.15s ease-in-out,box-shadow 0.15s ease-in-out;
  border: 1px solid #17a2b8;
  background-image: none;
  background-color: transparent;
  border-radius: 0.25rem;
  display: inline-block;
  font-size: 1rem;
  color: #17a2b8;
  padding: 0.375rem 0.75rem;
}

.c0:focus {
  outline: 0;
  box-shadow: 0 0 0 0.2rem rgba(23,162,184,0.5);
}

.c0:hover,
.c0:focus {
  -webkit-text-decoration: none;
  text-decoration: none;
  border: 1px solid #17a2b8;
  background-image: none;
  background-color: transparent;
  color: #17a2b8;
  cursor: pointer;
}

.c0:hover:hover,
.c0:focus:hover {
  background-color: #17a2b8;
}

.c0:hover:hover,
.c0:focus:hover {
  color: #fff;
}

.c0:hover {
  background-color: #17a2b8;
}

.c0:hover {
  color: #fff;
}

@media (min-width:576px) {

}

@media (min-width:768px) {

}

@media (min-width:992px) {

}

@media (min-width:1200px) {

}

<button
  class="sc-fzoXzr c0"
>
  Text
</button>
`;

exports[`Button Component matches Button info outline disabled 1`] = `
.c0 {
  font-weight: 400;
  line-height: 1.5;
  text-align: center;
  white-space: nowrap;
  vertical-align: middle;
  -webkit-user-select: none;
  -moz-user-select: none;
  -ms-user-select: none;
  user-select: none;
  -webkit-transition: color 0.15s ease-in-out,background-color 0.15s ease-in-out,border-color 0.15s ease-in-out,box-shadow 0.15s ease-in-out;
  transition: color 0.15s ease-in-out,background-color 0.15s ease-in-out,border-color 0.15s ease-in-out,box-shadow 0.15s ease-in-out;
  border: 1px solid #17a2b8;
  background-image: none;
  background-color: transparent;
  border-radius: 0.25rem;
  display: inline-block;
  opacity: 0.65;
  font-size: 1rem;
  color: #17a2b8;
  padding: 0.375rem 0.75rem;
}

.c0:focus {
  outline: 0;
  box-shadow: 0 0 0 0.2rem rgba(23,162,184,0.5);
}

.c0:hover,
.c0:focus {
  -webkit-text-decoration: none;
  text-decoration: none;
  border: 1px solid #17a2b8;
  background-image: none;
  background-color: transparent;
  color: #17a2b8;
}

.c0:hover:hover,
.c0:focus:hover {
  background-color: transparent;
}

.c0:hover {
  background-color: transparent;
}

@media (min-width:576px) {

}

@media (min-width:768px) {

}

@media (min-width:992px) {

}

@media (min-width:1200px) {

}

<button
  class="sc-fzoXzr c0"
  disabled=""
>
  Text
</button>
`;

exports[`Button Component matches Button large 1`] = `
.c0 {
  font-weight: 400;
  line-height: 1.5;
  text-align: center;
  white-space: nowrap;
  vertical-align: middle;
  -webkit-user-select: none;
  -moz-user-select: none;
  -ms-user-select: none;
  user-select: none;
  -webkit-transition: color 0.15s ease-in-out,background-color 0.15s ease-in-out,border-color 0.15s ease-in-out,box-shadow 0.15s ease-in-out;
  transition: color 0.15s ease-in-out,background-color 0.15s ease-in-out,border-color 0.15s ease-in-out,box-shadow 0.15s ease-in-out;
  border: 1px solid #6c757d;
  background-color: #6c757d;
  border-radius: 0.3rem;
  display: inline-block;
  font-size: 1.25rem;
  color: #fff;
  padding: 0.5rem 1rem;
}

.c0:focus {
  outline: 0;
  box-shadow: 0 0 0 0.2rem rgba(108,117,125,0.5);
}

.c0:hover,
.c0:focus {
  -webkit-text-decoration: none;
  text-decoration: none;
  border: 1px solid #6c757d;
  background-color: #6c757d;
  color: #fff;
  cursor: pointer;
}

.c0:hover:focus,
.c0:focus:focus,
.c0:hover:hover,
.c0:focus:hover {
  border: 1px solid #4e555b;
}

.c0:hover:focus,
.c0:focus:focus,
.c0:hover:hover,
.c0:focus:hover {
  background-color: #5a6268;
}

.c0:focus,
.c0:hover {
  border: 1px solid #4e555b;
}

.c0:focus,
.c0:hover {
  background-color: #5a6268;
}

@media (min-width:576px) {

}

@media (min-width:768px) {

}

@media (min-width:992px) {

}

@media (min-width:1200px) {

}

<button
  class="sc-fzoXzr c0"
>
  Text
</button>
`;

exports[`Button Component matches Button light 1`] = `
.c0 {
  font-weight: 400;
  line-height: 1.5;
  text-align: center;
  white-space: nowrap;
  vertical-align: middle;
  -webkit-user-select: none;
  -moz-user-select: none;
  -ms-user-select: none;
  user-select: none;
  -webkit-transition: color 0.15s ease-in-out,background-color 0.15s ease-in-out,border-color 0.15s ease-in-out,box-shadow 0.15s ease-in-out;
  transition: color 0.15s ease-in-out,background-color 0.15s ease-in-out,border-color 0.15s ease-in-out,box-shadow 0.15s ease-in-out;
  border: 1px solid #f0f0f0;
  background-color: #f0f0f0;
  border-radius: 0.25rem;
  display: inline-block;
  font-size: 1rem;
  color: #212529;
  padding: 0.375rem 0.75rem;
}

.c0:focus {
  outline: 0;
  box-shadow: 0 0 0 0.2rem rgba(248,249,250,0.5);
}

.c0:hover,
.c0:focus {
  -webkit-text-decoration: none;
  text-decoration: none;
  border: 1px solid #f0f0f0;
  background-color: #f0f0f0;
  color: #212529;
  cursor: pointer;
}

.c0:hover:focus,
.c0:focus:focus,
.c0:hover:hover,
.c0:focus:hover {
  border: 1px solid #cccecf;
}

.c0:hover:focus,
.c0:focus:focus,
.c0:hover:hover,
.c0:focus:hover {
  background-color: #e2e6ea;
}

.c0:focus,
.c0:hover {
  border: 1px solid #cccecf;
}

.c0:focus,
.c0:hover {
  background-color: #e2e6ea;
}

@media (min-width:576px) {

}

@media (min-width:768px) {

}

@media (min-width:992px) {

}

@media (min-width:1200px) {

}

<button
  class="sc-fzoXzr c0"
>
  Text
</button>
`;

exports[`Button Component matches Button light active 1`] = `
.c0 {
  font-weight: 400;
  line-height: 1.5;
  text-align: center;
  white-space: nowrap;
  vertical-align: middle;
  -webkit-user-select: none;
  -moz-user-select: none;
  -ms-user-select: none;
  user-select: none;
  -webkit-transition: color 0.15s ease-in-out,background-color 0.15s ease-in-out,border-color 0.15s ease-in-out,box-shadow 0.15s ease-in-out;
  transition: color 0.15s ease-in-out,background-color 0.15s ease-in-out,border-color 0.15s ease-in-out,box-shadow 0.15s ease-in-out;
  border: 1px solid #cccecf;
  background-image: none;
  background-color: #cccecf;
  border-radius: 0.25rem;
  display: inline-block;
  font-size: 1rem;
  color: #212529;
  padding: 0.375rem 0.75rem;
}

.c0:focus {
  outline: 0;
  box-shadow: 0 0 0 0.2rem rgba(248,249,250,0.5);
}

.c0:hover,
.c0:focus {
  -webkit-text-decoration: none;
  text-decoration: none;
  border: 1px solid #cccecf;
  background-image: none;
  background-color: #cccecf;
  color: #212529;
  cursor: pointer;
}

@media (min-width:576px) {

}

@media (min-width:768px) {

}

@media (min-width:992px) {

}

@media (min-width:1200px) {

}

<button
  class="sc-fzoXzr c0"
>
  Text
</button>
`;

exports[`Button Component matches Button light disabled 1`] = `
.c0 {
  font-weight: 400;
  line-height: 1.5;
  text-align: center;
  white-space: nowrap;
  vertical-align: middle;
  -webkit-user-select: none;
  -moz-user-select: none;
  -ms-user-select: none;
  user-select: none;
  -webkit-transition: color 0.15s ease-in-out,background-color 0.15s ease-in-out,border-color 0.15s ease-in-out,box-shadow 0.15s ease-in-out;
  transition: color 0.15s ease-in-out,background-color 0.15s ease-in-out,border-color 0.15s ease-in-out,box-shadow 0.15s ease-in-out;
  border: 1px solid #f0f0f0;
  background-image: none;
  background-color: #f0f0f0;
  border-radius: 0.25rem;
  display: inline-block;
  opacity: 0.65;
  font-size: 1rem;
  color: #212529;
  padding: 0.375rem 0.75rem;
}

.c0:focus {
  outline: 0;
  box-shadow: 0 0 0 0.2rem rgba(248,249,250,0.5);
}

.c0:hover,
.c0:focus {
  -webkit-text-decoration: none;
  text-decoration: none;
  border: 1px solid #f0f0f0;
  background-image: none;
  background-color: #f0f0f0;
  color: #212529;
}

@media (min-width:576px) {

}

@media (min-width:768px) {

}

@media (min-width:992px) {

}

@media (min-width:1200px) {

}

<button
  class="sc-fzoXzr c0"
  disabled=""
>
  Text
</button>
`;

exports[`Button Component matches Button light outline 1`] = `
.c0 {
  font-weight: 400;
  line-height: 1.5;
  text-align: center;
  white-space: nowrap;
  vertical-align: middle;
  -webkit-user-select: none;
  -moz-user-select: none;
  -ms-user-select: none;
  user-select: none;
  -webkit-transition: color 0.15s ease-in-out,background-color 0.15s ease-in-out,border-color 0.15s ease-in-out,box-shadow 0.15s ease-in-out;
  transition: color 0.15s ease-in-out,background-color 0.15s ease-in-out,border-color 0.15s ease-in-out,box-shadow 0.15s ease-in-out;
  border: 1px solid #f0f0f0;
  background-image: none;
  background-color: transparent;
  border-radius: 0.25rem;
  display: inline-block;
  font-size: 1rem;
  color: #f0f0f0;
  padding: 0.375rem 0.75rem;
}

.c0:focus {
  outline: 0;
  box-shadow: 0 0 0 0.2rem rgba(248,249,250,0.5);
}

.c0:hover,
.c0:focus {
  -webkit-text-decoration: none;
  text-decoration: none;
  border: 1px solid #f0f0f0;
  background-image: none;
  background-color: transparent;
  color: #f0f0f0;
  cursor: pointer;
}

.c0:hover:hover,
.c0:focus:hover {
  background-color: #f0f0f0;
}

.c0:hover:hover,
.c0:focus:hover {
  color: #212529;
}

.c0:hover {
  background-color: #f0f0f0;
}

.c0:hover {
  color: #212529;
}

@media (min-width:576px) {

}

@media (min-width:768px) {

}

@media (min-width:992px) {

}

@media (min-width:1200px) {

}

<button
  class="sc-fzoXzr c0"
>
  Text
</button>
`;

exports[`Button Component matches Button light outline disabled 1`] = `
.c0 {
  font-weight: 400;
  line-height: 1.5;
  text-align: center;
  white-space: nowrap;
  vertical-align: middle;
  -webkit-user-select: none;
  -moz-user-select: none;
  -ms-user-select: none;
  user-select: none;
  -webkit-transition: color 0.15s ease-in-out,background-color 0.15s ease-in-out,border-color 0.15s ease-in-out,box-shadow 0.15s ease-in-out;
  transition: color 0.15s ease-in-out,background-color 0.15s ease-in-out,border-color 0.15s ease-in-out,box-shadow 0.15s ease-in-out;
  border: 1px solid #f0f0f0;
  background-image: none;
  background-color: transparent;
  border-radius: 0.25rem;
  display: inline-block;
  opacity: 0.65;
  font-size: 1rem;
  color: #f0f0f0;
  padding: 0.375rem 0.75rem;
}

.c0:focus {
  outline: 0;
  box-shadow: 0 0 0 0.2rem rgba(248,249,250,0.5);
}

.c0:hover,
.c0:focus {
  -webkit-text-decoration: none;
  text-decoration: none;
  border: 1px solid #f0f0f0;
  background-image: none;
  background-color: transparent;
  color: #f0f0f0;
}

.c0:hover:hover,
.c0:focus:hover {
  background-color: transparent;
}

.c0:hover {
  background-color: transparent;
}

@media (min-width:576px) {

}

@media (min-width:768px) {

}

@media (min-width:992px) {

}

@media (min-width:1200px) {

}

<button
  class="sc-fzoXzr c0"
  disabled=""
>
  Text
</button>
`;

exports[`Button Component matches Button noRadius 1`] = `
.c0 {
  font-weight: 400;
  line-height: 1.5;
  text-align: center;
  white-space: nowrap;
  vertical-align: middle;
  -webkit-user-select: none;
  -moz-user-select: none;
  -ms-user-select: none;
  user-select: none;
  -webkit-transition: color 0.15s ease-in-out,background-color 0.15s ease-in-out,border-color 0.15s ease-in-out,box-shadow 0.15s ease-in-out;
  transition: color 0.15s ease-in-out,background-color 0.15s ease-in-out,border-color 0.15s ease-in-out,box-shadow 0.15s ease-in-out;
  border: 1px solid #6c757d;
  background-color: #6c757d;
  border-radius: 0;
  display: inline-block;
  font-size: 1rem;
  color: #fff;
  padding: 0.375rem 0.75rem;
}

.c0:focus {
  outline: 0;
  box-shadow: 0 0 0 0.2rem rgba(108,117,125,0.5);
}

.c0:hover,
.c0:focus {
  -webkit-text-decoration: none;
  text-decoration: none;
  border: 1px solid #6c757d;
  background-color: #6c757d;
  color: #fff;
  cursor: pointer;
}

.c0:hover:focus,
.c0:focus:focus,
.c0:hover:hover,
.c0:focus:hover {
  border: 1px solid #4e555b;
}

.c0:hover:focus,
.c0:focus:focus,
.c0:hover:hover,
.c0:focus:hover {
  background-color: #5a6268;
}

.c0:focus,
.c0:hover {
  border: 1px solid #4e555b;
}

.c0:focus,
.c0:hover {
  background-color: #5a6268;
}

@media (min-width:576px) {

}

@media (min-width:768px) {

}

@media (min-width:992px) {

}

@media (min-width:1200px) {

}

<button
  class="sc-fzoXzr c0"
>
  Text
</button>
`;

exports[`Button Component matches Button pill 1`] = `
.c0 {
  font-weight: 400;
  line-height: 1.5;
  text-align: center;
  white-space: nowrap;
  vertical-align: middle;
  -webkit-user-select: none;
  -moz-user-select: none;
  -ms-user-select: none;
  user-select: none;
  -webkit-transition: color 0.15s ease-in-out,background-color 0.15s ease-in-out,border-color 0.15s ease-in-out,box-shadow 0.15s ease-in-out;
  transition: color 0.15s ease-in-out,background-color 0.15s ease-in-out,border-color 0.15s ease-in-out,box-shadow 0.15s ease-in-out;
  border: 1px solid #6c757d;
  background-color: #6c757d;
  border-radius: 10rem;
  display: inline-block;
  font-size: 1rem;
  color: #fff;
  padding: 0.375rem 0.75rem;
}

.c0:focus {
  outline: 0;
  box-shadow: 0 0 0 0.2rem rgba(108,117,125,0.5);
}

.c0:hover,
.c0:focus {
  -webkit-text-decoration: none;
  text-decoration: none;
  border: 1px solid #6c757d;
  background-color: #6c757d;
  color: #fff;
  cursor: pointer;
}

.c0:hover:focus,
.c0:focus:focus,
.c0:hover:hover,
.c0:focus:hover {
  border: 1px solid #4e555b;
}

.c0:hover:focus,
.c0:focus:focus,
.c0:hover:hover,
.c0:focus:hover {
  background-color: #5a6268;
}

.c0:focus,
.c0:hover {
  border: 1px solid #4e555b;
}

.c0:focus,
.c0:hover {
  background-color: #5a6268;
}

@media (min-width:576px) {

}

@media (min-width:768px) {

}

@media (min-width:992px) {

}

@media (min-width:1200px) {

}

<button
  class="sc-fzoXzr c0"
>
  Text
</button>
`;

exports[`Button Component matches Button primary 1`] = `
.c0 {
  font-weight: 400;
  line-height: 1.5;
  text-align: center;
  white-space: nowrap;
  vertical-align: middle;
  -webkit-user-select: none;
  -moz-user-select: none;
  -ms-user-select: none;
  user-select: none;
  -webkit-transition: color 0.15s ease-in-out,background-color 0.15s ease-in-out,border-color 0.15s ease-in-out,box-shadow 0.15s ease-in-out;
  transition: color 0.15s ease-in-out,background-color 0.15s ease-in-out,border-color 0.15s ease-in-out,box-shadow 0.15s ease-in-out;
  border: 1px solid #007bff;
  background-color: #007bff;
  border-radius: 0.25rem;
  display: inline-block;
  font-size: 1rem;
  color: #fff;
  padding: 0.375rem 0.75rem;
}

.c0:focus {
  outline: 0;
  box-shadow: 0 0 0 0.2rem rgba(0,123,255,0.5);
}

.c0:hover,
.c0:focus {
  -webkit-text-decoration: none;
  text-decoration: none;
  border: 1px solid #007bff;
  background-color: #007bff;
  color: #fff;
  cursor: pointer;
}

.c0:hover:focus,
.c0:focus:focus,
.c0:hover:hover,
.c0:focus:hover {
  border: 1px solid #005cbf;
}

.c0:hover:focus,
.c0:focus:focus,
.c0:hover:hover,
.c0:focus:hover {
  background-color: #0069d9;
}

.c0:focus,
.c0:hover {
  border: 1px solid #005cbf;
}

.c0:focus,
.c0:hover {
  background-color: #0069d9;
}

@media (min-width:576px) {

}

@media (min-width:768px) {

}

@media (min-width:992px) {

}

@media (min-width:1200px) {

}

<button
  class="sc-fzoXzr c0"
>
  Text
</button>
`;

exports[`Button Component matches Button primary active 1`] = `
.c0 {
  font-weight: 400;
  line-height: 1.5;
  text-align: center;
  white-space: nowrap;
  vertical-align: middle;
  -webkit-user-select: none;
  -moz-user-select: none;
  -ms-user-select: none;
  user-select: none;
  -webkit-transition: color 0.15s ease-in-out,background-color 0.15s ease-in-out,border-color 0.15s ease-in-out,box-shadow 0.15s ease-in-out;
  transition: color 0.15s ease-in-out,background-color 0.15s ease-in-out,border-color 0.15s ease-in-out,box-shadow 0.15s ease-in-out;
  border: 1px solid #005cbf;
  background-image: none;
  background-color: #005cbf;
  border-radius: 0.25rem;
  display: inline-block;
  font-size: 1rem;
  color: #fff;
  padding: 0.375rem 0.75rem;
}

.c0:focus {
  outline: 0;
  box-shadow: 0 0 0 0.2rem rgba(0,123,255,0.5);
}

.c0:hover,
.c0:focus {
  -webkit-text-decoration: none;
  text-decoration: none;
  border: 1px solid #005cbf;
  background-image: none;
  background-color: #005cbf;
  color: #fff;
  cursor: pointer;
}

@media (min-width:576px) {

}

@media (min-width:768px) {

}

@media (min-width:992px) {

}

@media (min-width:1200px) {

}

<button
  class="sc-fzoXzr c0"
>
  Text
</button>
`;

exports[`Button Component matches Button primary disabled 1`] = `
.c0 {
  font-weight: 400;
  line-height: 1.5;
  text-align: center;
  white-space: nowrap;
  vertical-align: middle;
  -webkit-user-select: none;
  -moz-user-select: none;
  -ms-user-select: none;
  user-select: none;
  -webkit-transition: color 0.15s ease-in-out,background-color 0.15s ease-in-out,border-color 0.15s ease-in-out,box-shadow 0.15s ease-in-out;
  transition: color 0.15s ease-in-out,background-color 0.15s ease-in-out,border-color 0.15s ease-in-out,box-shadow 0.15s ease-in-out;
  border: 1px solid #007bff;
  background-image: none;
  background-color: #007bff;
  border-radius: 0.25rem;
  display: inline-block;
  opacity: 0.65;
  font-size: 1rem;
  color: #fff;
  padding: 0.375rem 0.75rem;
}

.c0:focus {
  outline: 0;
  box-shadow: 0 0 0 0.2rem rgba(0,123,255,0.5);
}

.c0:hover,
.c0:focus {
  -webkit-text-decoration: none;
  text-decoration: none;
  border: 1px solid #007bff;
  background-image: none;
  background-color: #007bff;
  color: #fff;
}

@media (min-width:576px) {

}

@media (min-width:768px) {

}

@media (min-width:992px) {

}

@media (min-width:1200px) {

}

<button
  class="sc-fzoXzr c0"
  disabled=""
>
  Text
</button>
`;

exports[`Button Component matches Button primary outline 1`] = `
.c0 {
  font-weight: 400;
  line-height: 1.5;
  text-align: center;
  white-space: nowrap;
  vertical-align: middle;
  -webkit-user-select: none;
  -moz-user-select: none;
  -ms-user-select: none;
  user-select: none;
  -webkit-transition: color 0.15s ease-in-out,background-color 0.15s ease-in-out,border-color 0.15s ease-in-out,box-shadow 0.15s ease-in-out;
  transition: color 0.15s ease-in-out,background-color 0.15s ease-in-out,border-color 0.15s ease-in-out,box-shadow 0.15s ease-in-out;
  border: 1px solid #007bff;
  background-image: none;
  background-color: transparent;
  border-radius: 0.25rem;
  display: inline-block;
  font-size: 1rem;
  color: #007bff;
  padding: 0.375rem 0.75rem;
}

.c0:focus {
  outline: 0;
  box-shadow: 0 0 0 0.2rem rgba(0,123,255,0.5);
}

.c0:hover,
.c0:focus {
  -webkit-text-decoration: none;
  text-decoration: none;
  border: 1px solid #007bff;
  background-image: none;
  background-color: transparent;
  color: #007bff;
  cursor: pointer;
}

.c0:hover:hover,
.c0:focus:hover {
  background-color: #007bff;
}

.c0:hover:hover,
.c0:focus:hover {
  color: #fff;
}

.c0:hover {
  background-color: #007bff;
}

.c0:hover {
  color: #fff;
}

@media (min-width:576px) {

}

@media (min-width:768px) {

}

@media (min-width:992px) {

}

@media (min-width:1200px) {

}

<button
  class="sc-fzoXzr c0"
>
  Text
</button>
`;

exports[`Button Component matches Button primary outline disabled 1`] = `
.c0 {
  font-weight: 400;
  line-height: 1.5;
  text-align: center;
  white-space: nowrap;
  vertical-align: middle;
  -webkit-user-select: none;
  -moz-user-select: none;
  -ms-user-select: none;
  user-select: none;
  -webkit-transition: color 0.15s ease-in-out,background-color 0.15s ease-in-out,border-color 0.15s ease-in-out,box-shadow 0.15s ease-in-out;
  transition: color 0.15s ease-in-out,background-color 0.15s ease-in-out,border-color 0.15s ease-in-out,box-shadow 0.15s ease-in-out;
  border: 1px solid #007bff;
  background-image: none;
  background-color: transparent;
  border-radius: 0.25rem;
  display: inline-block;
  opacity: 0.65;
  font-size: 1rem;
  color: #007bff;
  padding: 0.375rem 0.75rem;
}

.c0:focus {
  outline: 0;
  box-shadow: 0 0 0 0.2rem rgba(0,123,255,0.5);
}

.c0:hover,
.c0:focus {
  -webkit-text-decoration: none;
  text-decoration: none;
  border: 1px solid #007bff;
  background-image: none;
  background-color: transparent;
  color: #007bff;
}

.c0:hover:hover,
.c0:focus:hover {
  background-color: transparent;
}

.c0:hover {
  background-color: transparent;
}

@media (min-width:576px) {

}

@media (min-width:768px) {

}

@media (min-width:992px) {

}

@media (min-width:1200px) {

}

<button
  class="sc-fzoXzr c0"
  disabled=""
>
  Text
</button>
`;

exports[`Button Component matches Button secondary 1`] = `
.c0 {
  font-weight: 400;
  line-height: 1.5;
  text-align: center;
  white-space: nowrap;
  vertical-align: middle;
  -webkit-user-select: none;
  -moz-user-select: none;
  -ms-user-select: none;
  user-select: none;
  -webkit-transition: color 0.15s ease-in-out,background-color 0.15s ease-in-out,border-color 0.15s ease-in-out,box-shadow 0.15s ease-in-out;
  transition: color 0.15s ease-in-out,background-color 0.15s ease-in-out,border-color 0.15s ease-in-out,box-shadow 0.15s ease-in-out;
  border: 1px solid #6c757d;
  background-color: #6c757d;
  border-radius: 0.25rem;
  display: inline-block;
  font-size: 1rem;
  color: #fff;
  padding: 0.375rem 0.75rem;
}

.c0:focus {
  outline: 0;
  box-shadow: 0 0 0 0.2rem rgba(108,117,125,0.5);
}

.c0:hover,
.c0:focus {
  -webkit-text-decoration: none;
  text-decoration: none;
  border: 1px solid #6c757d;
  background-color: #6c757d;
  color: #fff;
  cursor: pointer;
}

.c0:hover:focus,
.c0:focus:focus,
.c0:hover:hover,
.c0:focus:hover {
  border: 1px solid #4e555b;
}

.c0:hover:focus,
.c0:focus:focus,
.c0:hover:hover,
.c0:focus:hover {
  background-color: #5a6268;
}

.c0:focus,
.c0:hover {
  border: 1px solid #4e555b;
}

.c0:focus,
.c0:hover {
  background-color: #5a6268;
}

@media (min-width:576px) {

}

@media (min-width:768px) {

}

@media (min-width:992px) {

}

@media (min-width:1200px) {

}

<button
  class="sc-fzoXzr c0"
>
  Text
</button>
`;

exports[`Button Component matches Button secondary active 1`] = `
.c0 {
  font-weight: 400;
  line-height: 1.5;
  text-align: center;
  white-space: nowrap;
  vertical-align: middle;
  -webkit-user-select: none;
  -moz-user-select: none;
  -ms-user-select: none;
  user-select: none;
  -webkit-transition: color 0.15s ease-in-out,background-color 0.15s ease-in-out,border-color 0.15s ease-in-out,box-shadow 0.15s ease-in-out;
  transition: color 0.15s ease-in-out,background-color 0.15s ease-in-out,border-color 0.15s ease-in-out,box-shadow 0.15s ease-in-out;
  border: 1px solid #4e555b;
  background-image: none;
  background-color: #6c757d;
  border-radius: 0.25rem;
  display: inline-block;
  font-size: 1rem;
  color: #fff;
  padding: 0.375rem 0.75rem;
}

.c0:focus {
  outline: 0;
  box-shadow: 0 0 0 0.2rem rgba(108,117,125,0.5);
}

.c0:hover,
.c0:focus {
  -webkit-text-decoration: none;
  text-decoration: none;
  border: 1px solid #4e555b;
  background-image: none;
  background-color: #6c757d;
  color: #fff;
  cursor: pointer;
}

@media (min-width:576px) {

}

@media (min-width:768px) {

}

@media (min-width:992px) {

}

@media (min-width:1200px) {

}

<button
  class="sc-fzoXzr c0"
>
  Text
</button>
`;

exports[`Button Component matches Button secondary disabled 1`] = `
.c0 {
  font-weight: 400;
  line-height: 1.5;
  text-align: center;
  white-space: nowrap;
  vertical-align: middle;
  -webkit-user-select: none;
  -moz-user-select: none;
  -ms-user-select: none;
  user-select: none;
  -webkit-transition: color 0.15s ease-in-out,background-color 0.15s ease-in-out,border-color 0.15s ease-in-out,box-shadow 0.15s ease-in-out;
  transition: color 0.15s ease-in-out,background-color 0.15s ease-in-out,border-color 0.15s ease-in-out,box-shadow 0.15s ease-in-out;
  border: 1px solid #6c757d;
  background-image: none;
  background-color: #6c757d;
  border-radius: 0.25rem;
  display: inline-block;
  opacity: 0.65;
  font-size: 1rem;
  color: #fff;
  padding: 0.375rem 0.75rem;
}

.c0:focus {
  outline: 0;
  box-shadow: 0 0 0 0.2rem rgba(108,117,125,0.5);
}

.c0:hover,
.c0:focus {
  -webkit-text-decoration: none;
  text-decoration: none;
  border: 1px solid #6c757d;
  background-image: none;
  background-color: #6c757d;
  color: #fff;
}

@media (min-width:576px) {

}

@media (min-width:768px) {

}

@media (min-width:992px) {

}

@media (min-width:1200px) {

}

<button
  class="sc-fzoXzr c0"
  disabled=""
>
  Text
</button>
`;

exports[`Button Component matches Button secondary outline 1`] = `
.c0 {
  font-weight: 400;
  line-height: 1.5;
  text-align: center;
  white-space: nowrap;
  vertical-align: middle;
  -webkit-user-select: none;
  -moz-user-select: none;
  -ms-user-select: none;
  user-select: none;
  -webkit-transition: color 0.15s ease-in-out,background-color 0.15s ease-in-out,border-color 0.15s ease-in-out,box-shadow 0.15s ease-in-out;
  transition: color 0.15s ease-in-out,background-color 0.15s ease-in-out,border-color 0.15s ease-in-out,box-shadow 0.15s ease-in-out;
  border: 1px solid #6c757d;
  background-image: none;
  background-color: transparent;
  border-radius: 0.25rem;
  display: inline-block;
  font-size: 1rem;
  color: #6c757d;
  padding: 0.375rem 0.75rem;
}

.c0:focus {
  outline: 0;
  box-shadow: 0 0 0 0.2rem rgba(108,117,125,0.5);
}

.c0:hover,
.c0:focus {
  -webkit-text-decoration: none;
  text-decoration: none;
  border: 1px solid #6c757d;
  background-image: none;
  background-color: transparent;
  color: #6c757d;
  cursor: pointer;
}

.c0:hover:hover,
.c0:focus:hover {
  background-color: #6c757d;
}

.c0:hover:hover,
.c0:focus:hover {
  color: #fff;
}

.c0:hover {
  background-color: #6c757d;
}

.c0:hover {
  color: #fff;
}

@media (min-width:576px) {

}

@media (min-width:768px) {

}

@media (min-width:992px) {

}

@media (min-width:1200px) {

}

<button
  class="sc-fzoXzr c0"
>
  Text
</button>
`;

exports[`Button Component matches Button secondary outline disabled 1`] = `
.c0 {
  font-weight: 400;
  line-height: 1.5;
  text-align: center;
  white-space: nowrap;
  vertical-align: middle;
  -webkit-user-select: none;
  -moz-user-select: none;
  -ms-user-select: none;
  user-select: none;
  -webkit-transition: color 0.15s ease-in-out,background-color 0.15s ease-in-out,border-color 0.15s ease-in-out,box-shadow 0.15s ease-in-out;
  transition: color 0.15s ease-in-out,background-color 0.15s ease-in-out,border-color 0.15s ease-in-out,box-shadow 0.15s ease-in-out;
  border: 1px solid #6c757d;
  background-image: none;
  background-color: transparent;
  border-radius: 0.25rem;
  display: inline-block;
  opacity: 0.65;
  font-size: 1rem;
  color: #6c757d;
  padding: 0.375rem 0.75rem;
}

.c0:focus {
  outline: 0;
  box-shadow: 0 0 0 0.2rem rgba(108,117,125,0.5);
}

.c0:hover,
.c0:focus {
  -webkit-text-decoration: none;
  text-decoration: none;
  border: 1px solid #6c757d;
  background-image: none;
  background-color: transparent;
  color: #6c757d;
}

.c0:hover:hover,
.c0:focus:hover {
  background-color: transparent;
}

.c0:hover {
  background-color: transparent;
}

@media (min-width:576px) {

}

@media (min-width:768px) {

}

@media (min-width:992px) {

}

@media (min-width:1200px) {

}

<button
  class="sc-fzoXzr c0"
  disabled=""
>
  Text
</button>
`;

exports[`Button Component matches Button small 1`] = `
.c0 {
  font-weight: 400;
  line-height: 1.5;
  text-align: center;
  white-space: nowrap;
  vertical-align: middle;
  -webkit-user-select: none;
  -moz-user-select: none;
  -ms-user-select: none;
  user-select: none;
  -webkit-transition: color 0.15s ease-in-out,background-color 0.15s ease-in-out,border-color 0.15s ease-in-out,box-shadow 0.15s ease-in-out;
  transition: color 0.15s ease-in-out,background-color 0.15s ease-in-out,border-color 0.15s ease-in-out,box-shadow 0.15s ease-in-out;
  border: 1px solid #6c757d;
  background-color: #6c757d;
  border-radius: 0.2rem;
  display: inline-block;
  font-size: 0.875rem;
  color: #fff;
  padding: 0.25rem 0.5rem;
}

.c0:focus {
  outline: 0;
  box-shadow: 0 0 0 0.2rem rgba(108,117,125,0.5);
}

.c0:hover,
.c0:focus {
  -webkit-text-decoration: none;
  text-decoration: none;
  border: 1px solid #6c757d;
  background-color: #6c757d;
  color: #fff;
  cursor: pointer;
}

.c0:hover:focus,
.c0:focus:focus,
.c0:hover:hover,
.c0:focus:hover {
  border: 1px solid #4e555b;
}

.c0:hover:focus,
.c0:focus:focus,
.c0:hover:hover,
.c0:focus:hover {
  background-color: #5a6268;
}

.c0:focus,
.c0:hover {
  border: 1px solid #4e555b;
}

.c0:focus,
.c0:hover {
  background-color: #5a6268;
}

@media (min-width:576px) {

}

@media (min-width:768px) {

}

@media (min-width:992px) {

}

@media (min-width:1200px) {

}

<button
  class="sc-fzoXzr c0"
>
  Text
</button>
`;

exports[`Button Component matches Button success 1`] = `
.c0 {
  font-weight: 400;
  line-height: 1.5;
  text-align: center;
  white-space: nowrap;
  vertical-align: middle;
  -webkit-user-select: none;
  -moz-user-select: none;
  -ms-user-select: none;
  user-select: none;
  -webkit-transition: color 0.15s ease-in-out,background-color 0.15s ease-in-out,border-color 0.15s ease-in-out,box-shadow 0.15s ease-in-out;
  transition: color 0.15s ease-in-out,background-color 0.15s ease-in-out,border-color 0.15s ease-in-out,box-shadow 0.15s ease-in-out;
  border: 1px solid #28a745;
  background-color: #28a745;
  border-radius: 0.25rem;
  display: inline-block;
  font-size: 1rem;
  color: #fff;
  padding: 0.375rem 0.75rem;
}

.c0:focus {
  outline: 0;
  box-shadow: 0 0 0 0.2rem rgba(40,167,69,0.5);
}

.c0:hover,
.c0:focus {
  -webkit-text-decoration: none;
  text-decoration: none;
  border: 1px solid #28a745;
  background-color: #28a745;
  color: #fff;
  cursor: pointer;
}

.c0:hover:focus,
.c0:focus:focus,
.c0:hover:hover,
.c0:focus:hover {
  border: 1px solid #1c7430;
}

.c0:hover:focus,
.c0:focus:focus,
.c0:hover:hover,
.c0:focus:hover {
  background-color: #218838;
}

.c0:focus,
.c0:hover {
  border: 1px solid #1c7430;
}

.c0:focus,
.c0:hover {
  background-color: #218838;
}

@media (min-width:576px) {

}

@media (min-width:768px) {

}

@media (min-width:992px) {

}

@media (min-width:1200px) {

}

<button
  class="sc-fzoXzr c0"
>
  Text
</button>
`;

exports[`Button Component matches Button success active 1`] = `
.c0 {
  font-weight: 400;
  line-height: 1.5;
  text-align: center;
  white-space: nowrap;
  vertical-align: middle;
  -webkit-user-select: none;
  -moz-user-select: none;
  -ms-user-select: none;
  user-select: none;
  -webkit-transition: color 0.15s ease-in-out,background-color 0.15s ease-in-out,border-color 0.15s ease-in-out,box-shadow 0.15s ease-in-out;
  transition: color 0.15s ease-in-out,background-color 0.15s ease-in-out,border-color 0.15s ease-in-out,box-shadow 0.15s ease-in-out;
  border: 1px solid #1c7430;
  background-image: none;
  background-color: #1c7430;
  border-radius: 0.25rem;
  display: inline-block;
  font-size: 1rem;
  color: #fff;
  padding: 0.375rem 0.75rem;
}

.c0:focus {
  outline: 0;
  box-shadow: 0 0 0 0.2rem rgba(40,167,69,0.5);
}

.c0:hover,
.c0:focus {
  -webkit-text-decoration: none;
  text-decoration: none;
  border: 1px solid #1c7430;
  background-image: none;
  background-color: #1c7430;
  color: #fff;
  cursor: pointer;
}

@media (min-width:576px) {

}

@media (min-width:768px) {

}

@media (min-width:992px) {

}

@media (min-width:1200px) {

}

<button
  class="sc-fzoXzr c0"
>
  Text
</button>
`;

exports[`Button Component matches Button success disabled 1`] = `
.c0 {
  font-weight: 400;
  line-height: 1.5;
  text-align: center;
  white-space: nowrap;
  vertical-align: middle;
  -webkit-user-select: none;
  -moz-user-select: none;
  -ms-user-select: none;
  user-select: none;
  -webkit-transition: color 0.15s ease-in-out,background-color 0.15s ease-in-out,border-color 0.15s ease-in-out,box-shadow 0.15s ease-in-out;
  transition: color 0.15s ease-in-out,background-color 0.15s ease-in-out,border-color 0.15s ease-in-out,box-shadow 0.15s ease-in-out;
  border: 1px solid #28a745;
  background-image: none;
  background-color: #28a745;
  border-radius: 0.25rem;
  display: inline-block;
  opacity: 0.65;
  font-size: 1rem;
  color: #fff;
  padding: 0.375rem 0.75rem;
}

.c0:focus {
  outline: 0;
  box-shadow: 0 0 0 0.2rem rgba(40,167,69,0.5);
}

.c0:hover,
.c0:focus {
  -webkit-text-decoration: none;
  text-decoration: none;
  border: 1px solid #28a745;
  background-image: none;
  background-color: #28a745;
  color: #fff;
}

@media (min-width:576px) {

}

@media (min-width:768px) {

}

@media (min-width:992px) {

}

@media (min-width:1200px) {

}

<button
  class="sc-fzoXzr c0"
  disabled=""
>
  Text
</button>
`;

exports[`Button Component matches Button success outline 1`] = `
.c0 {
  font-weight: 400;
  line-height: 1.5;
  text-align: center;
  white-space: nowrap;
  vertical-align: middle;
  -webkit-user-select: none;
  -moz-user-select: none;
  -ms-user-select: none;
  user-select: none;
  -webkit-transition: color 0.15s ease-in-out,background-color 0.15s ease-in-out,border-color 0.15s ease-in-out,box-shadow 0.15s ease-in-out;
  transition: color 0.15s ease-in-out,background-color 0.15s ease-in-out,border-color 0.15s ease-in-out,box-shadow 0.15s ease-in-out;
  border: 1px solid #28a745;
  background-image: none;
  background-color: transparent;
  border-radius: 0.25rem;
  display: inline-block;
  font-size: 1rem;
  color: #28a745;
  padding: 0.375rem 0.75rem;
}

.c0:focus {
  outline: 0;
  box-shadow: 0 0 0 0.2rem rgba(40,167,69,0.5);
}

.c0:hover,
.c0:focus {
  -webkit-text-decoration: none;
  text-decoration: none;
  border: 1px solid #28a745;
  background-image: none;
  background-color: transparent;
  color: #28a745;
  cursor: pointer;
}

.c0:hover:hover,
.c0:focus:hover {
  background-color: #28a745;
}

.c0:hover:hover,
.c0:focus:hover {
  color: #fff;
}

.c0:hover {
  background-color: #28a745;
}

.c0:hover {
  color: #fff;
}

@media (min-width:576px) {

}

@media (min-width:768px) {

}

@media (min-width:992px) {

}

@media (min-width:1200px) {

}

<button
  class="sc-fzoXzr c0"
>
  Text
</button>
`;

exports[`Button Component matches Button success outline disabled 1`] = `
.c0 {
  font-weight: 400;
  line-height: 1.5;
  text-align: center;
  white-space: nowrap;
  vertical-align: middle;
  -webkit-user-select: none;
  -moz-user-select: none;
  -ms-user-select: none;
  user-select: none;
  -webkit-transition: color 0.15s ease-in-out,background-color 0.15s ease-in-out,border-color 0.15s ease-in-out,box-shadow 0.15s ease-in-out;
  transition: color 0.15s ease-in-out,background-color 0.15s ease-in-out,border-color 0.15s ease-in-out,box-shadow 0.15s ease-in-out;
  border: 1px solid #28a745;
  background-image: none;
  background-color: transparent;
  border-radius: 0.25rem;
  display: inline-block;
  opacity: 0.65;
  font-size: 1rem;
  color: #28a745;
  padding: 0.375rem 0.75rem;
}

.c0:focus {
  outline: 0;
  box-shadow: 0 0 0 0.2rem rgba(40,167,69,0.5);
}

.c0:hover,
.c0:focus {
  -webkit-text-decoration: none;
  text-decoration: none;
  border: 1px solid #28a745;
  background-image: none;
  background-color: transparent;
  color: #28a745;
}

.c0:hover:hover,
.c0:focus:hover {
  background-color: transparent;
}

.c0:hover {
  background-color: transparent;
}

@media (min-width:576px) {

}

@media (min-width:768px) {

}

@media (min-width:992px) {

}

@media (min-width:1200px) {

}

<button
  class="sc-fzoXzr c0"
  disabled=""
>
  Text
</button>
`;

exports[`Button Component matches Button warning 1`] = `
.c0 {
  font-weight: 400;
  line-height: 1.5;
  text-align: center;
  white-space: nowrap;
  vertical-align: middle;
  -webkit-user-select: none;
  -moz-user-select: none;
  -ms-user-select: none;
  user-select: none;
  -webkit-transition: color 0.15s ease-in-out,background-color 0.15s ease-in-out,border-color 0.15s ease-in-out,box-shadow 0.15s ease-in-out;
  transition: color 0.15s ease-in-out,background-color 0.15s ease-in-out,border-color 0.15s ease-in-out,box-shadow 0.15s ease-in-out;
  border: 1px solid #ffc107;
  background-color: #ffc107;
  border-radius: 0.25rem;
  display: inline-block;
  font-size: 1rem;
  color: #212529;
  padding: 0.375rem 0.75rem;
}

.c0:focus {
  outline: 0;
  box-shadow: 0 0 0 0.2rem rgba(255,193,7,0.5);
}

.c0:hover,
.c0:focus {
  -webkit-text-decoration: none;
  text-decoration: none;
  border: 1px solid #ffc107;
  background-color: #ffc107;
  color: #212529;
  cursor: pointer;
}

.c0:hover:focus,
.c0:focus:focus,
.c0:hover:hover,
.c0:focus:hover {
  border: 1px solid #c69500;
}

.c0:hover:focus,
.c0:focus:focus,
.c0:hover:hover,
.c0:focus:hover {
  background-color: #e0a800;
}

.c0:focus,
.c0:hover {
  border: 1px solid #c69500;
}

.c0:focus,
.c0:hover {
  background-color: #e0a800;
}

@media (min-width:576px) {

}

@media (min-width:768px) {

}

@media (min-width:992px) {

}

@media (min-width:1200px) {

}

<button
  class="sc-fzoXzr c0"
>
  Text
</button>
`;

exports[`Button Component matches Button warning active 1`] = `
.c0 {
  font-weight: 400;
  line-height: 1.5;
  text-align: center;
  white-space: nowrap;
  vertical-align: middle;
  -webkit-user-select: none;
  -moz-user-select: none;
  -ms-user-select: none;
  user-select: none;
  -webkit-transition: color 0.15s ease-in-out,background-color 0.15s ease-in-out,border-color 0.15s ease-in-out,box-shadow 0.15s ease-in-out;
  transition: color 0.15s ease-in-out,background-color 0.15s ease-in-out,border-color 0.15s ease-in-out,box-shadow 0.15s ease-in-out;
  border: 1px solid #c69500;
  background-image: none;
  background-color: #c69500;
  border-radius: 0.25rem;
  display: inline-block;
  font-size: 1rem;
  color: #212529;
  padding: 0.375rem 0.75rem;
}

.c0:focus {
  outline: 0;
  box-shadow: 0 0 0 0.2rem rgba(255,193,7,0.5);
}

.c0:hover,
.c0:focus {
  -webkit-text-decoration: none;
  text-decoration: none;
  border: 1px solid #c69500;
  background-image: none;
  background-color: #c69500;
  color: #212529;
  cursor: pointer;
}

@media (min-width:576px) {

}

@media (min-width:768px) {

}

@media (min-width:992px) {

}

@media (min-width:1200px) {

}

<button
  class="sc-fzoXzr c0"
>
  Text
</button>
`;

exports[`Button Component matches Button warning disabled 1`] = `
.c0 {
  font-weight: 400;
  line-height: 1.5;
  text-align: center;
  white-space: nowrap;
  vertical-align: middle;
  -webkit-user-select: none;
  -moz-user-select: none;
  -ms-user-select: none;
  user-select: none;
  -webkit-transition: color 0.15s ease-in-out,background-color 0.15s ease-in-out,border-color 0.15s ease-in-out,box-shadow 0.15s ease-in-out;
  transition: color 0.15s ease-in-out,background-color 0.15s ease-in-out,border-color 0.15s ease-in-out,box-shadow 0.15s ease-in-out;
  border: 1px solid #ffc107;
  background-image: none;
  background-color: #ffc107;
  border-radius: 0.25rem;
  display: inline-block;
  opacity: 0.65;
  font-size: 1rem;
  color: #212529;
  padding: 0.375rem 0.75rem;
}

.c0:focus {
  outline: 0;
  box-shadow: 0 0 0 0.2rem rgba(255,193,7,0.5);
}

.c0:hover,
.c0:focus {
  -webkit-text-decoration: none;
  text-decoration: none;
  border: 1px solid #ffc107;
  background-image: none;
  background-color: #ffc107;
  color: #212529;
}

@media (min-width:576px) {

}

@media (min-width:768px) {

}

@media (min-width:992px) {

}

@media (min-width:1200px) {

}

<button
  class="sc-fzoXzr c0"
  disabled=""
>
  Text
</button>
`;

exports[`Button Component matches Button warning outline 1`] = `
.c0 {
  font-weight: 400;
  line-height: 1.5;
  text-align: center;
  white-space: nowrap;
  vertical-align: middle;
  -webkit-user-select: none;
  -moz-user-select: none;
  -ms-user-select: none;
  user-select: none;
  -webkit-transition: color 0.15s ease-in-out,background-color 0.15s ease-in-out,border-color 0.15s ease-in-out,box-shadow 0.15s ease-in-out;
  transition: color 0.15s ease-in-out,background-color 0.15s ease-in-out,border-color 0.15s ease-in-out,box-shadow 0.15s ease-in-out;
  border: 1px solid #ffc107;
  background-image: none;
  background-color: transparent;
  border-radius: 0.25rem;
  display: inline-block;
  font-size: 1rem;
  color: #ffc107;
  padding: 0.375rem 0.75rem;
}

.c0:focus {
  outline: 0;
  box-shadow: 0 0 0 0.2rem rgba(255,193,7,0.5);
}

.c0:hover,
.c0:focus {
  -webkit-text-decoration: none;
  text-decoration: none;
  border: 1px solid #ffc107;
  background-image: none;
  background-color: transparent;
  color: #ffc107;
  cursor: pointer;
}

.c0:hover:hover,
.c0:focus:hover {
  background-color: #ffc107;
}

.c0:hover:hover,
.c0:focus:hover {
  color: #212529;
}

.c0:hover {
  background-color: #ffc107;
}

.c0:hover {
  color: #212529;
}

@media (min-width:576px) {

}

@media (min-width:768px) {

}

@media (min-width:992px) {

}

@media (min-width:1200px) {

}

<button
  class="sc-fzoXzr c0"
>
  Text
</button>
`;

exports[`Button Component matches Button warning outline disabled 1`] = `
.c0 {
  font-weight: 400;
  line-height: 1.5;
  text-align: center;
  white-space: nowrap;
  vertical-align: middle;
  -webkit-user-select: none;
  -moz-user-select: none;
  -ms-user-select: none;
  user-select: none;
  -webkit-transition: color 0.15s ease-in-out,background-color 0.15s ease-in-out,border-color 0.15s ease-in-out,box-shadow 0.15s ease-in-out;
  transition: color 0.15s ease-in-out,background-color 0.15s ease-in-out,border-color 0.15s ease-in-out,box-shadow 0.15s ease-in-out;
  border: 1px solid #ffc107;
  background-image: none;
  background-color: transparent;
  border-radius: 0.25rem;
  display: inline-block;
  opacity: 0.65;
  font-size: 1rem;
  color: #ffc107;
  padding: 0.375rem 0.75rem;
}

.c0:focus {
  outline: 0;
  box-shadow: 0 0 0 0.2rem rgba(255,193,7,0.5);
}

.c0:hover,
.c0:focus {
  -webkit-text-decoration: none;
  text-decoration: none;
  border: 1px solid #ffc107;
  background-image: none;
  background-color: transparent;
  color: #ffc107;
}

.c0:hover:hover,
.c0:focus:hover {
  background-color: transparent;
}

.c0:hover {
  background-color: transparent;
}

@media (min-width:576px) {

}

@media (min-width:768px) {

}

@media (min-width:992px) {

}

@media (min-width:1200px) {

}

<button
  class="sc-fzoXzr c0"
  disabled=""
>
  Text
</button>
`;

exports[`Button Component matches LinkButton 1`] = `
.c0 {
  -webkit-text-decoration: none;
  text-decoration: none;
  font-weight: 400;
  line-height: 1.5;
  text-align: center;
  white-space: nowrap;
  vertical-align: middle;
  -webkit-user-select: none;
  -moz-user-select: none;
  -ms-user-select: none;
  user-select: none;
  -webkit-transition: color 0.15s ease-in-out,background-color 0.15s ease-in-out,border-color 0.15s ease-in-out,box-shadow 0.15s ease-in-out;
  transition: color 0.15s ease-in-out,background-color 0.15s ease-in-out,border-color 0.15s ease-in-out,box-shadow 0.15s ease-in-out;
  border: 1px solid #6c757d;
  background-color: #6c757d;
  border-radius: 0.25rem;
  display: inline-block;
  font-size: 1rem;
  color: #fff;
  padding: 0.375rem 0.75rem;
}

.c0:focus {
  outline: 0;
  box-shadow: 0 0 0 0.2rem rgba(108,117,125,0.5);
}

.c0:hover,
.c0:focus {
  -webkit-text-decoration: none;
  text-decoration: none;
  border: 1px solid #6c757d;
  background-color: #6c757d;
  color: #fff;
  cursor: pointer;
}

.c0:hover:focus,
.c0:focus:focus,
.c0:hover:hover,
.c0:focus:hover {
  border: 1px solid #4e555b;
}

.c0:hover:focus,
.c0:focus:focus,
.c0:hover:hover,
.c0:focus:hover {
  background-color: #5a6268;
}

.c0:focus,
.c0:hover {
  border: 1px solid #4e555b;
}

.c0:focus,
.c0:hover {
  background-color: #5a6268;
}

@media (min-width:576px) {

}

@media (min-width:768px) {

}

@media (min-width:992px) {

}

@media (min-width:1200px) {

}

<a
  class="sc-AxirZ c0"
>
  Text
</a>
`;

exports[`Button Component matcheses Button split 1`] = `
.c0 {
  font-weight: 400;
  line-height: 1.5;
  text-align: center;
  white-space: nowrap;
  vertical-align: middle;
  -webkit-user-select: none;
  -moz-user-select: none;
  -ms-user-select: none;
  user-select: none;
  -webkit-transition: color 0.15s ease-in-out,background-color 0.15s ease-in-out,border-color 0.15s ease-in-out,box-shadow 0.15s ease-in-out;
  transition: color 0.15s ease-in-out,background-color 0.15s ease-in-out,border-color 0.15s ease-in-out,box-shadow 0.15s ease-in-out;
  border: 1px solid #6c757d;
  background-color: #6c757d;
  border-radius: 0.25rem;
  display: inline-block;
  font-size: 1rem;
  color: #fff;
  padding: 0;
  padding-right: 0.5625rem;
  padding-left: 0.5625rem;
}

.c0:focus {
  outline: 0;
  box-shadow: 0 0 0 0.2rem rgba(108,117,125,0.5);
}

.c0:hover,
.c0:focus {
  -webkit-text-decoration: none;
  text-decoration: none;
  border: 1px solid #6c757d;
  background-color: #6c757d;
  color: #fff;
  cursor: pointer;
}

.c0:hover:focus,
.c0:focus:focus,
.c0:hover:hover,
.c0:focus:hover {
  border: 1px solid #4e555b;
}

.c0:hover:focus,
.c0:focus:focus,
.c0:hover:hover,
.c0:focus:hover {
  background-color: #5a6268;
}

.c0:focus,
.c0:hover {
  border: 1px solid #4e555b;
}

.c0:focus,
.c0:hover {
  background-color: #5a6268;
}

.c0::after {
  margin-left: 0;
}

@media (min-width:576px) {

}

@media (min-width:768px) {

}

@media (min-width:992px) {

}

@media (min-width:1200px) {

}

<button
  class="sc-fzoXzr c0"
>
  Text
</button>
`;

exports[`Button Component matcheses Button split lg 1`] = `
.c0 {
  font-weight: 400;
  line-height: 1.5;
  text-align: center;
  white-space: nowrap;
  vertical-align: middle;
  -webkit-user-select: none;
  -moz-user-select: none;
  -ms-user-select: none;
  user-select: none;
  -webkit-transition: color 0.15s ease-in-out,background-color 0.15s ease-in-out,border-color 0.15s ease-in-out,box-shadow 0.15s ease-in-out;
  transition: color 0.15s ease-in-out,background-color 0.15s ease-in-out,border-color 0.15s ease-in-out,box-shadow 0.15s ease-in-out;
  border: 1px solid #6c757d;
  background-color: #6c757d;
  border-radius: 0.3rem;
  display: inline-block;
  font-size: 1.25rem;
  color: #fff;
  padding: 0;
  padding-right: 0.75rem;
  padding-left: 0.75rem;
}

.c0:focus {
  outline: 0;
  box-shadow: 0 0 0 0.2rem rgba(108,117,125,0.5);
}

.c0:hover,
.c0:focus {
  -webkit-text-decoration: none;
  text-decoration: none;
  border: 1px solid #6c757d;
  background-color: #6c757d;
  color: #fff;
  cursor: pointer;
}

.c0:hover:focus,
.c0:focus:focus,
.c0:hover:hover,
.c0:focus:hover {
  border: 1px solid #4e555b;
}

.c0:hover:focus,
.c0:focus:focus,
.c0:hover:hover,
.c0:focus:hover {
  background-color: #5a6268;
}

.c0:focus,
.c0:hover {
  border: 1px solid #4e555b;
}

.c0:focus,
.c0:hover {
  background-color: #5a6268;
}

.c0::after {
  margin-left: 0;
}

@media (min-width:576px) {

}

@media (min-width:768px) {

}

@media (min-width:992px) {

}

@media (min-width:1200px) {

}

<button
  class="sc-fzoXzr c0"
>
  Text
</button>
`;

exports[`Button Component matcheses Button split sm 1`] = `
.c0 {
  font-weight: 400;
  line-height: 1.5;
  text-align: center;
  white-space: nowrap;
  vertical-align: middle;
  -webkit-user-select: none;
  -moz-user-select: none;
  -ms-user-select: none;
  user-select: none;
  -webkit-transition: color 0.15s ease-in-out,background-color 0.15s ease-in-out,border-color 0.15s ease-in-out,box-shadow 0.15s ease-in-out;
  transition: color 0.15s ease-in-out,background-color 0.15s ease-in-out,border-color 0.15s ease-in-out,box-shadow 0.15s ease-in-out;
  border: 1px solid #6c757d;
  background-color: #6c757d;
  border-radius: 0.2rem;
  display: inline-block;
  font-size: 0.875rem;
  color: #fff;
  padding: 0;
  padding-right: 0.375rem;
  padding-left: 0.375rem;
}

.c0:focus {
  outline: 0;
  box-shadow: 0 0 0 0.2rem rgba(108,117,125,0.5);
}

.c0:hover,
.c0:focus {
  -webkit-text-decoration: none;
  text-decoration: none;
  border: 1px solid #6c757d;
  background-color: #6c757d;
  color: #fff;
  cursor: pointer;
}

.c0:hover:focus,
.c0:focus:focus,
.c0:hover:hover,
.c0:focus:hover {
  border: 1px solid #4e555b;
}

.c0:hover:focus,
.c0:focus:focus,
.c0:hover:hover,
.c0:focus:hover {
  background-color: #5a6268;
}

.c0:focus,
.c0:hover {
  border: 1px solid #4e555b;
}

.c0:focus,
.c0:hover {
  background-color: #5a6268;
}

.c0::after {
  margin-left: 0;
}

@media (min-width:576px) {

}

@media (min-width:768px) {

}

@media (min-width:992px) {

}

@media (min-width:1200px) {

}

<button
  class="sc-fzoXzr c0"
>
  Text
</button>
`;
